# 虚拟机参数

虚拟机最基本的配置和跟踪。

- 跟踪虚拟机垃圾回收和类加载等信息

- 配置虚拟机的堆信息。

- 配置用就去和Java虚拟机区

- 学习虚拟机的服务器和客户端模式

## 掌握跟踪调试参数

虚拟机运行过程中，跟踪系统运行状态。

### 读懂虚拟机日志

自动回收gc，如果出现回收频繁或者是垃圾回收时间过长，就需要注意。

```
-XX:+PrintGC
```

遇到GC就会进行日志打印

```
[GC (System.gc())  4915K        ->      800K(235520K),                  0.0027243 secs]
发生了GC            GC前堆空间使用量      堆使用后                      回收所使用的时间
```

更详细的

```
-XX:+PrintGCDetails
```

日志内容

```
[GC (System.gc()) [PSYoungGen: 4915K->776K(71680K)] 4915K->784K(235520K), 0.0091759 secs] [Times: user=0.00 sys=0.00, real=0.01 secs] 
                  年轻代                             堆的整体大小
```

栈信息

```
-XX:+PrintHeapAtGC
```

日志

```
{Heap before GC invocations=1 (full 0):
 年轻代             总                使用
 PSYoungGen      total 71680K, used 4915K [0x0000000770a00000, 0x0000000775a00000, 0x00000007c0000000)
  伊甸区
  eden space 61440K, 8% used [0x0000000770a00000,0x0000000770eccdd8,0x0000000774600000)
  from
  from space 10240K, 0% used [0x0000000775000000,0x0000000775000000,0x0000000775a00000)
  to
  to   space 10240K, 0% used [0x0000000774600000,0x0000000774600000,0x0000000775000000)
  老年代
 ParOldGen       total 163840K, used 0K [0x00000006d1e00000, 0x00000006dbe00000, 0x0000000770a00000)
  object space 163840K, 0% used [0x00000006d1e00000,0x00000006d1e00000,0x00000006dbe00000)
 Metaspace       used 3217K, capacity 4500K, committed 4864K, reserved 1056768K
  class space    used 352K, capacity 388K, committed 512K, reserved 1048576K
Heap after GC invocations=1 (full 0):
 PSYoungGen      total 71680K, used 808K [0x0000000770a00000, 0x0000000775a00000, 0x00000007c0000000)
  eden space 61440K, 0% used [0x0000000770a00000,0x0000000770a00000,0x0000000774600000)
  from space 10240K, 7% used [0x0000000774600000,0x00000007746ca020,0x0000000775000000)
  to   space 10240K, 0% used [0x0000000775000000,0x0000000775000000,0x0000000775a00000)
 ParOldGen       total 163840K, used 8K [0x00000006d1e00000, 0x00000006dbe00000, 0x0000000770a00000)
  object space 163840K, 0% used [0x00000006d1e00000,0x00000006d1e02000,0x00000006dbe00000)
 Metaspace       used 3217K, capacity 4500K, committed 4864K, reserved 1056768K
  class space    used 352K, capacity 388K, committed 512K, reserved 1048576K
}
{Heap before GC invocations=2 (full 1):
 PSYoungGen      total 71680K, used 808K [0x0000000770a00000, 0x0000000775a00000, 0x00000007c0000000)
  eden space 61440K, 0% used [0x0000000770a00000,0x0000000770a00000,0x0000000774600000)
  from space 10240K, 7% used [0x0000000774600000,0x00000007746ca020,0x0000000775000000)
  to   space 10240K, 0% used [0x0000000775000000,0x0000000775000000,0x0000000775a00000)
 ParOldGen       total 163840K, used 8K [0x00000006d1e00000, 0x00000006dbe00000, 0x0000000770a00000)
  object space 163840K, 0% used [0x00000006d1e00000,0x00000006d1e02000,0x00000006dbe00000)
 Metaspace       used 3217K, capacity 4500K, committed 4864K, reserved 1056768K
  class space    used 352K, capacity 388K, committed 512K, reserved 1048576K
Heap after GC invocations=2 (full 1):
 PSYoungGen      total 71680K, used 0K [0x0000000770a00000, 0x0000000775a00000, 0x00000007c0000000)
  eden space 61440K, 0% used [0x0000000770a00000,0x0000000770a00000,0x0000000774600000)
  from space 10240K, 0% used [0x0000000774600000,0x0000000774600000,0x0000000775000000)
  to   space 10240K, 0% used [0x0000000775000000,0x0000000775000000,0x0000000775a00000)
 ParOldGen       total 163840K, used 617K [0x00000006d1e00000, 0x00000006dbe00000, 0x0000000770a00000)
  object space 163840K, 0% used [0x00000006d1e00000,0x00000006d1e9a6e0,0x00000006dbe00000)
 Metaspace       used 3217K, capacity 4500K, committed 4864K, reserved 1056768K
  class space    used 352K, capacity 388K, committed 512K, reserved 1048576K
}

```

GC发生时间

```
-XX:+PrintGCTimeStamps 
发生gc会输出额外的gc时间信息
```


GC会造成暂停，所以需要关注gc的时间

```
-XX:+PrintGCApplicationConcurrentTime
会打印程序的执行的时间
```

暂停的时间

```
-XX:+PrintGCApplcationStoppedTime
```

跟踪应用内的软应用、弱引用、虚引用和Finallize队列·      

```
+XX:+PrintReferenceGC
```

日志文件输出

```
-Xloggc:log/lc.log
```

### 类加载/卸载的跟踪

java程序运行离不开类的加载，如何知道加载了那些类，一般的是从文件加载的，jar或者class文件

```
-verbose:class 跟踪类的加载和卸载
-XX:+TraceClassLoading 加载
-XX:+TraceClassUnloading 卸载
```

### 系统参数查看

打印虚拟机接受到的命令显示参数

```
-XX:+PrintVMOptions
```

打印隐式和现实参数,直接给的参数或者是虚拟机启动的时候传入的

```
-XX:+PrintCommandLineFlags
```

系统的全部参数

```
-XX:+PrintFlagsFinal
```

## 堆参数的配置

堆空间是java进程重要的组成部分，

### 最大堆和初始堆的设置

程序启动的时候，会分配一块初始堆空间，可以使用-Xms指定大小，当初始化堆耗尽了就会使用到最大堆空间-Xmx

实际可以使用的内存应该为Xmx - from/to

一般的将最小和最大设置一样

### 新生代配置

新生代设置大小-Xmn，设置较大的新生会减小老年代的大小，一般设置为1/3到1/4之间

- XX:SurvivorRatio用来设置eden和from/to之间的比例

- newRatio 老年代/年轻代的比例


## 堆栈溢出

堆栈溢出，会导致崩溃，可以使用-XX:+HeapDumpOnOutOfMemoryError，使用该参数，可以在内存溢出的时候到处整个堆栈信息